#-----------------------------------------------------------
# Vivado v2018.2.2 (64-bit)
# SW Build 2348494 on Mon Oct  1 18:25:44 MDT 2018
# IP Build 2318053 on Mon Oct  1 21:44:26 MDT 2018
# Start of session at: Tue Feb 13 03:59:51 2024
# Process ID: 18672
# Current directory: C:/Users/Albert/Documents/GitHub/ECE532/test_system/vivado_proj/Nexys-Video-HDMI.runs/hdmi_rst_mig_7series_0_100M_0_synth_1
# Command line: vivado.exe -log hdmi_rst_mig_7series_0_100M_0.vds -product Vivado -mode batch -messageDb vivado.pb -notrace -source hdmi_rst_mig_7series_0_100M_0.tcl
# Log file: C:/Users/Albert/Documents/GitHub/ECE532/test_system/vivado_proj/Nexys-Video-HDMI.runs/hdmi_rst_mig_7series_0_100M_0_synth_1/hdmi_rst_mig_7series_0_100M_0.vds
# Journal file: C:/Users/Albert/Documents/GitHub/ECE532/test_system/vivado_proj/Nexys-Video-HDMI.runs/hdmi_rst_mig_7series_0_100M_0_synth_1\vivado.jou
#-----------------------------------------------------------
source hdmi_rst_mig_7series_0_100M_0.tcl -notrace
