#-----------------------------------------------------------
# Webtalk v2018.2.2 (64-bit)
# SW Build 2348494 on Mon Oct  1 18:25:44 MDT 2018
# IP Build 2318053 on Mon Oct  1 21:44:26 MDT 2018
# Start of session at: Wed Feb 28 03:36:08 2024
# Process ID: 35404
# Current directory: C:/Users/Albert/Documents/GitHub/ECE532/custom_ip/stream2rgb/stream2rgb.sim/sim_1/behav/xsim
# Command line: wbtcv.exe -mode batch -source C:/Users/Albert/Documents/GitHub/ECE532/custom_ip/stream2rgb/stream2rgb.sim/sim_1/behav/xsim/xsim.dir/tb_behav/webtalk/xsim_webtalk.tcl -notrace
# Log file: C:/Users/Albert/Documents/GitHub/ECE532/custom_ip/stream2rgb/stream2rgb.sim/sim_1/behav/xsim/webtalk.log
# Journal file: C:/Users/Albert/Documents/GitHub/ECE532/custom_ip/stream2rgb/stream2rgb.sim/sim_1/behav/xsim\webtalk.jou
#-----------------------------------------------------------
source C:/Users/Albert/Documents/GitHub/ECE532/custom_ip/stream2rgb/stream2rgb.sim/sim_1/behav/xsim/xsim.dir/tb_behav/webtalk/xsim_webtalk.tcl -notrace
